Microchip MPLAB XC8 Compiler V2.05 ()

Linker command line:

-W-3 --edf=C:\Program Files (x86)\Microchip\xc8\v2.05\pic\dat\en_msgs.txt \
  -cs -h+dist/default/production\vaccum.X.production.sym \
  --cmf=dist/default/production\vaccum.X.production.cmf -z -Q16F877A \
  -oC:\Users\A7MEDG~1.ASH\AppData\Local\Temp\s3j8.2 \
  --defsym=__MPLAB_BUILD=1 \
  -Mdist/default/production/vaccum.X.production.map -E1 -ver=XC8 \
  --acfsm=1493 -ASTACK=011Bh-016Fh -pstack=STACK -ACODE=00h-07FFhx4 \
  -ASTRCODE=00h-01FFFh -ASTRING=00h-0FFhx32 -ACONST=00h-0FFhx32 \
  -AENTRY=00h-0FFhx32 -ACOMMON=070h-07Fh -ABANK0=020h-06Fh \
  -ABANK1=0A0h-0EFh -ABANK2=0110h-016Fh -ABANK3=0190h-01EFh \
  -ARAM=020h-06Fh,0A0h-0EFh,0110h-016Fh,0190h-01EFh \
  -AABS1=020h-07Fh,0A0h-0EFh,0110h-016Fh,0190h-01EFh -ASFR0=00h-01Fh \
  -ASFR1=080h-09Fh -ASFR2=0100h-010Fh -ASFR3=0180h-018Fh \
  -preset_vec=00h,intentry=04h,init,end_init -ppowerup=CODE -pcinit=CODE \
  -pfunctab=ENTRY -ACONFIG=02007h-02007h -pconfig=CONFIG -DCONFIG=2 \
  -AIDLOC=02000h-02003h -pidloc=IDLOC -DIDLOC=2 -AEEDATA=00h-0FFh/02100h \
  -peeprom_data=EEDATA -DEEDATA=2 -DCODE=2 -DSTRCODE=2 -DSTRING=2 -DCONST=2 \
  -DENTRY=2 -k C:\Users\A7MEDG~1.ASH\AppData\Local\Temp\s3j8.o \
  dist/default/production\vaccum.X.production.o 

Object code version is 3.11

Machine type is 16F877A



                Name                               Link     Load   Length Selector   Space Scale
C:\Users\A7MEDG~1.ASH\AppData\Local\Temp\s3j8.o
                end_init                              E        E        3        8       0
                reset_vec                             0        0        3        0       0
                config                             2007     2007        1     400E       0
dist/default/production\vaccum.X.production.o
                cinit                                11       11       41        8       0
                intentry                              4        4        A        8       0
                text63                             14E9     14E9       1B     29D2       0
                text62                             149D     149D       19     293A       0
                text61                             1322     1322        8     2644       0
                text60                             17C2     17C2       3E     2F84       0
                text59                             168D     168D       2C     2D1A       0
                text58                             139E     139E       13     273C       0
                text57                              C39      C39       7C     1872       0
                text56                              BBF      BBF       7A     177E       0
                text55                             1576     1576       1F     2AEC       0
                text54                              D34      D34       88     1A68       0
                text53                              668      668      102        8       0
                text52                             146E     146E       17     28DC       0
                text51                             13B1     13B1       13     2762       0
                text50                             15F5     15F5       23     2BEA       0
                text49                             151F     151F       1D     2A3E       0
                text48                             153C     153C       1D     2A78       0
                text47                              4C5      4C5      1A3        8       0
                text46                              296      296      22F        8       0
                text45                             15D3     15D3       22     2BA6       0
                text44                              A78      A78       6D     14F0       0
                text43                              DBC      DBC       A5     1B78       0
                text42                              868      868       4A     10D0       0
                text41                              8B2      8B2       52     1164       0
                text40                              904      904       55     1208       0
                text39                              A13      A13       65     1426       0
                text38                             14CF     14CF       1A     299E       0
                text37                             132A     132A        8     2654       0
                text36                             1559     1559       1D     2AB2       0
                text35                              CB5      CB5       7F     196A       0
                text34                              F22      F22       DE     1E44       0
                text33                             13D7     13D7       15     27AE       0
                text32                             13EC     13EC       15     27D8       0
                text31                             1595     1595       1F     2B2A       0
                text30                             1401     1401       15     2802       0
                text29                             133A     133A        A     2674       0
                text28                             1416     1416       16     282C       0
                text27                              76A      76A       8F        8       0
                text26                              959      959       5B     12B2       0
                text25                             1344     1344        B     2688       0
                text24                             14B6     14B6       19     296C       0
                text23                              800      800       23     1000       0
                text22                             1785     1785       3D     2F0A       0
                text21                             1662     1662       2B     2CC4       0
                text20                             16E5     16E5       34     2DCA       0
                text19                             1504     1504       1B     2A08       0
                text18                              AE5      AE5       6D     15CA       0
                text17                              B52      B52       6D     16A4       0
                text16                             1719     1719       34     2E32       0
                text15                              9B4      9B4       5F     1368       0
                text14                             138C     138C       12     2718       0
                text13                             135A     135A       10     26B4       0
                text12                             13C4     13C4       13     2788       0
                text11                             174D     174D       38     2E9A       0
                text10                             142C     142C       16     2858       0
                text9                              15B4     15B4       1F     2B68       0
                text8                              1442     1442       16     2884       0
                text7                               823      823       45     1046       0
                text6                                52       52      244        8       0
                text5                              1485     1485       18     290A       0
                text4                               7F9      7F9        3        8       0
                text3                              163C     163C       26     2C78       0
                text2                               E61      E61       C1     1CC2       0
                text1                              136A     136A       11     26D4       0
                maintext                           16B9     16B9       2C     2D72       0
                cstackBANK0                          20       20       50       20       1
                cstackCOMMON                         70       70        A       70       1
                cstackBANK1                          DF       DF        B       A0       1
                clrtext                            1332     1332        8     2664       0
                inittext                           137B     137B       11     26F6       0
                dataBANK2                           110      110        B      110       1
                dataBANK3                           1D2      1D2       16      190       1
                bssBANK3                            190      190       42      190       1
                dataBANK1                            A0       A0       24       A0       1
                bssBANK1                             C4       C4       1B       A0       1
                bssCOMMON                            7A       7A        4       70       1
                idataBANK3                         1458     1458       16     28B0       0
                idataBANK2                         134F     134F        B     269E       0
                idataBANK1                         1618     1618       24     2C30       0

TOTAL           Name                               Link     Load   Length     Space
        CLASS   STACK          

        CLASS   CODE           
                end_init                              E        E        3         0
                cinit                                11       11       41         0
                intentry                              4        4        A         0
                reset_vec                             0        0        3         0
                text63                             14E9     14E9       1B         0
                text62                             149D     149D       19         0
                text61                             1322     1322        8         0
                text60                             17C2     17C2       3E         0
                text59                             168D     168D       2C         0
                text58                             139E     139E       13         0
                text57                              C39      C39       7C         0
                text56                              BBF      BBF       7A         0
                text55                             1576     1576       1F         0
                text54                              D34      D34       88         0
                text53                              668      668      102         0
                text52                             146E     146E       17         0
                text51                             13B1     13B1       13         0
                text50                             15F5     15F5       23         0
                text49                             151F     151F       1D         0
                text48                             153C     153C       1D         0
                text47                              4C5      4C5      1A3         0
                text46                              296      296      22F         0
                text45                             15D3     15D3       22         0
                text44                              A78      A78       6D         0
                text43                              DBC      DBC       A5         0
                text42                              868      868       4A         0
                text41                              8B2      8B2       52         0
                text40                              904      904       55         0
                text39                              A13      A13       65         0
                text38                             14CF     14CF       1A         0
                text37                             132A     132A        8         0
                text36                             1559     1559       1D         0
                text35                              CB5      CB5       7F         0
                text34                              F22      F22       DE         0
                text33                             13D7     13D7       15         0
                text32                             13EC     13EC       15         0
                text31                             1595     1595       1F         0
                text30                             1401     1401       15         0
                text29                             133A     133A        A         0
                text28                             1416     1416       16         0
                text27                              76A      76A       8F         0
                text26                              959      959       5B         0
                text25                             1344     1344        B         0
                text24                             14B6     14B6       19         0
                text23                              800      800       23         0
                text22                             1785     1785       3D         0
                text21                             1662     1662       2B         0
                text20                             16E5     16E5       34         0
                text19                             1504     1504       1B         0
                text18                              AE5      AE5       6D         0
                text17                              B52      B52       6D         0
                text16                             1719     1719       34         0
                text15                              9B4      9B4       5F         0
                text14                             138C     138C       12         0
                text13                             135A     135A       10         0
                text12                             13C4     13C4       13         0
                text11                             174D     174D       38         0
                text10                             142C     142C       16         0
                text9                              15B4     15B4       1F         0
                text8                              1442     1442       16         0
                text7                               823      823       45         0
                text6                                52       52      244         0
                text5                              1485     1485       18         0
                text4                               7F9      7F9        3         0
                text3                              163C     163C       26         0
                text2                               E61      E61       C1         0
                text1                              136A     136A       11         0
                maintext                           16B9     16B9       2C         0
                clrtext                            1332     1332        8         0
                inittext                           137B     137B       11         0
                idataBANK3                         1458     1458       16         0
                idataBANK2                         134F     134F        B         0
                idataBANK1                         1618     1618       24         0

        CLASS   STRCODE        

        CLASS   STRING         

        CLASS   CONST          

        CLASS   ENTRY          

        CLASS   COMMON         
                cstackCOMMON                         70       70        A         1
                bssCOMMON                            7A       7A        4         1

        CLASS   BANK0          
                cstackBANK0                          20       20       50         1

        CLASS   BANK1          
                cstackBANK1                          DF       DF        B         1
                dataBANK1                            A0       A0       24         1
                bssBANK1                             C4       C4       1B         1

        CLASS   BANK2          
                dataBANK2                           110      110        B         1

        CLASS   BANK3          
                dataBANK3                           1D2      1D2       16         1
                bssBANK3                            190      190       42         1

        CLASS   RAM            

        CLASS   ABS1           
                abs_s1                               7E       7E        2         1

        CLASS   SFR0           

        CLASS   SFR1           

        CLASS   SFR2           

        CLASS   SFR3           

        CLASS   CONFIG         
                config                             2007     2007        1         0

        CLASS   IDLOC          

        CLASS   EEDATA         



SEGMENTS        Name                           Load    Length   Top    Selector   Space  Class     Delta

                reset_vec                      000000  000003  000003         0       0  CODE        2
                intentry                       000004  0007F8  0007FC         8       0  CODE        2
                cstackBANK0                    000020  000050  000070        20       1  BANK0       1
                cstackCOMMON                   000070  00000E  00007E        70       1  COMMON      1
                dataBANK1                      0000A0  00004A  0000EA        A0       1  BANK1       1
                dataBANK2                      000110  00000B  00011B       110       1  BANK2       1
                bssBANK3                       000190  000058  0001E8       190       1  BANK3       1
                text23                         000800  000023  000823      1000       0  CODE        2
                text7                          000823  000045  000868      1046       0  CODE        2
                text42                         000868  00004A  0008B2      10D0       0  CODE        2
                text41                         0008B2  000052  000904      1164       0  CODE        2
                text40                         000904  000055  000959      1208       0  CODE        2
                text26                         000959  00005B  0009B4      12B2       0  CODE        2
                text15                         0009B4  00005F  000A13      1368       0  CODE        2
                text39                         000A13  000065  000A78      1426       0  CODE        2
                text44                         000A78  00006D  000AE5      14F0       0  CODE        2
                text18                         000AE5  00006D  000B52      15CA       0  CODE        2
                text17                         000B52  00006D  000BBF      16A4       0  CODE        2
                text56                         000BBF  00007A  000C39      177E       0  CODE        2
                text57                         000C39  00007C  000CB5      1872       0  CODE        2
                text35                         000CB5  00007F  000D34      196A       0  CODE        2
                text54                         000D34  000088  000DBC      1A68       0  CODE        2
                text43                         000DBC  0000A5  000E61      1B78       0  CODE        2
                text2                          000E61  0000C1  000F22      1CC2       0  CODE        2
                text34                         000F22  0000DE  001000      1E44       0  CODE        2
                text61                         001322  000008  00132A      2644       0  CODE        2
                text37                         00132A  000008  001332      2654       0  CODE        2
                clrtext                        001332  000008  00133A      2664       0  CODE        2
                text29                         00133A  00000A  001344      2674       0  CODE        2
                text25                         001344  00000B  00134F      2688       0  CODE        2
                idataBANK2                     00134F  00000B  00135A      269E       0  CODE        2
                text13                         00135A  000010  00136A      26B4       0  CODE        2
                text1                          00136A  000011  00137B      26D4       0  CODE        2
                inittext                       00137B  000011  00138C      26F6       0  CODE        2
                text14                         00138C  000012  00139E      2718       0  CODE        2
                text58                         00139E  000013  0013B1      273C       0  CODE        2
                text51                         0013B1  000013  0013C4      2762       0  CODE        2
                text12                         0013C4  000013  0013D7      2788       0  CODE        2
                text33                         0013D7  000015  0013EC      27AE       0  CODE        2
                text32                         0013EC  000015  001401      27D8       0  CODE        2
                text30                         001401  000015  001416      2802       0  CODE        2
                text28                         001416  000016  00142C      282C       0  CODE        2
                text10                         00142C  000016  001442      2858       0  CODE        2
                text8                          001442  000016  001458      2884       0  CODE        2
                idataBANK3                     001458  000016  00146E      28B0       0  CODE        2
                text52                         00146E  000017  001485      28DC       0  CODE        2
                text5                          001485  000018  00149D      290A       0  CODE        2
                text62                         00149D  000019  0014B6      293A       0  CODE        2
                text24                         0014B6  000019  0014CF      296C       0  CODE        2
                text38                         0014CF  00001A  0014E9      299E       0  CODE        2
                text63                         0014E9  00001B  001504      29D2       0  CODE        2
                text19                         001504  00001B  00151F      2A08       0  CODE        2
                text49                         00151F  00001D  00153C      2A3E       0  CODE        2
                text48                         00153C  00001D  001559      2A78       0  CODE        2
                text36                         001559  00001D  001576      2AB2       0  CODE        2
                text55                         001576  00001F  001595      2AEC       0  CODE        2
                text31                         001595  00001F  0015B4      2B2A       0  CODE        2
                text9                          0015B4  00001F  0015D3      2B68       0  CODE        2
                text45                         0015D3  000022  0015F5      2BA6       0  CODE        2
                text50                         0015F5  000023  001618      2BEA       0  CODE        2
                idataBANK1                     001618  000024  00163C      2C30       0  CODE        2
                text3                          00163C  000026  001662      2C78       0  CODE        2
                text21                         001662  00002B  00168D      2CC4       0  CODE        2
                text59                         00168D  00002C  0016B9      2D1A       0  CODE        2
                maintext                       0016B9  00002C  0016E5      2D72       0  CODE        2
                text20                         0016E5  000034  001719      2DCA       0  CODE        2
                text16                         001719  000034  00174D      2E32       0  CODE        2
                text11                         00174D  000038  001785      2E9A       0  CODE        2
                text22                         001785  00003D  0017C2      2F0A       0  CODE        2
                text60                         0017C2  00003E  001800      2F84       0  CODE        2
                config                         002007  000001  002008      400E       0  CONFIG      2


UNUSED ADDRESS RANGES

        Name                Unused          Largest block    Delta
        BANK1            00EA-00EF              6           1
        BANK2            011B-016F             55           1
        BANK3            01E8-01EF              8           1
        CODE             0003-0003              1           2
                         07FC-07FF              4
                         1000-1321            322
                         1800-1FFF            800
        CONST            0003-0003              1           2
                         07FC-07FF              4
                         1000-1321            100
                         1800-1FFF            100
        EEDATA           2100-21FF            100           2
        ENTRY            0003-0003              1           2
                         07FC-07FF              4
                         1000-1321            100
                         1800-1FFF            100
        IDLOC            2000-2003              4           2
        RAM              00EA-00EF              6           1
                         011B-016F             55
                         01E8-01EF              8
        SFR0             0000-001F             20           1
        SFR1             0080-009F             20           1
        SFR2             0100-010F             10           1
        SFR3             0180-018F             10           1
        STACK            011B-016F             55           1
        STRCODE          0003-0003              1           2
                         07FC-07FF              4
                         1000-1321            322
                         1800-1FFF            800
        STRING           0003-0003              1           2
                         07FC-07FF              4
                         1000-1321            100
                         1800-1FFF            100

                                  Symbol Table

?___fladd                         cstackBANK0  0020
?___fldiv                         cstackBANK0  002E
?___flsub                         cstackBANK0  005E
?___fltol                         cstackBANK0  0048
?___lwmod                         cstackBANK0  0020
?___wmul                          cstackBANK0  0020
?___xxtofl                        cstackBANK0  0020
?_round                           cstackBANK0  0066
?_trunc                           cstackBANK0  0053
DSP_update@DSP_counter            bssBANK1     00DA
DSP_update@led_state              cstackBANK0  0036
LED_create@910                    cstackBANK0  0020
LED_create@F909                   dataBANK1    00BC
LED_init@led                      cstackBANK0  003E
LED_setState@led                  cstackBANK0  0027
LED_setState@state                cstackBANK0  0024
LED_show@led                      cstackBANK0  0031
LED_update@LED_counter            bssBANK1     00D9
LED_update@index                  cstackBANK0  0033
MO_reduceHARM@RH_counter          bssBANK1     00D6
MO_reduceHARM@RH_flag             dataBANK1    00C2
MO_setTargetAngel@angel           cstackBANK0  0021
MO_softSwitch@ss_counter          bssBANK1     00D7
MO_update@MO_counter              bssBANK1     00D8
SSD_display@data                  cstackBANK0  0024
SSD_display@ssd                   cstackBANK0  0029
SSD_init@ssd                      cstackBANK0  0053
SSD_off@ssd                       cstackBANK0  0030
SSD_on@ssd                        cstackBANK0  0030
SSD_schematic_init@932            cstackBANK0  0024
SSD_schematic_init@934            cstackBANK0  002F
SSD_schematic_init@936            cstackBANK0  003A
SSD_schematic_init@F931           dataBANK1    00A0
SSD_schematic_init@F933           dataBANK3    01DD
SSD_schematic_init@F935           dataBANK3    01D2
SSD_setVal@ssd                    cstackBANK0  0027
SSD_setVal@val                    cstackBANK0  0024
SSD_update@index                  cstackBANK0  0035
SSD_update@ssd_update_counter     bssBANK1     00DD
SW_getPressedTime@sw              cstackBANK0  0025
T0_counter_mode_state@s           cstackBANK0  0022
T0_timer_mode_state@s             cstackBANK0  0022
TMR1_init@m                       cstackBANK0  0020
TMR1_init@p                       cstackBANK0  0024
TMR1_init@s                       cstackBANK0  0021
TMR1_reload@val                   cstackBANK0  0026
TMR1_setState@s                   cstackBANK0  0022
VC_getSpeed@ps                    cstackBANK0  0021
VC_update@sw_index                cstackBANK0  002B
VC_update@vc_counter              bssBANK1     00DB
_DSP_init                         text52       146E
_DSP_speed                        bssCOMMON    007D
_DSP_speed_patterns               dataBANK1    00AB
_DSP_update                       text27       076A
_DSP_update$1966                  cstackBANK0  0037
_INDICATOR_init                   text51       13B1
_LED_create                       text59       168D
_LED_init                         text56       0BBF
_LED_setState                     text32       13EC
_LED_show                         text57       0C39
_LED_update                       text31       1595
_LedDB                            bssBANK1     00C4
_MO_AngelVal                      dataBANK1    00B4
_MO_SingleAngelTime               bssBANK1     00CC
_MO_currentAngel                  bssBANK1     00D0
_MO_fire                          text62       149D
_MO_fire_update                   text22       1785
_MO_init                          text50       15F5
_MO_isStable                      bssCOMMON    007A
_MO_reduceHARM                    text21       1662
_MO_setTargetAngel                text14       138C
_MO_softSwitch                    text20       16E5
_MO_targetAngel                   bssBANK1     00CE
_MO_update                        text19       1504
_OS_ISR                           text60       17C2
_OS_init                          text33       13D7
_OS_schedular                     text5        1485
_SSD_display                      text55       1576
_SSD_init                         text53       0668
_SSD_off                          text18       0AE5
_SSD_on                           text17       0B52
_SSD_schematic_init               text54       0D34
_SSD_setVal                       text30       1401
_SSD_update                       text15       09B4
_SSD_update$1965                  cstackBANK0  0034
_SW_getPressedTime                text13       135A
_Schedular_State                  bssBANK1     00DE
_T0_OneCountTime                  bssBANK1     00D2
_T0_PreScaller                    bssBANK1     00D4
_T0_counter_mode_state            text49       151F
_T0_timer_mode_state              text48       153C
_TMR1IE                           (abs)        0460
_TMR1_init                        text26       0959
_TMR1_reload                      text25       1344
_TMR1_setState                    text24       14B6
_VC_SpeedDecrease                 text12       13C4
_VC_SpeedDecrease$501             cstackBANK0  0022
_VC_SpeedIncrease                 text9        15B4
_VC_SpeedIncrease$499             cstackBANK0  0023
_VC_current_speed                 bssCOMMON    007B
_VC_getSpeed                      text29       133A
_VC_init                          text4        07F9
_VC_update                        text7        0823
__CFG_BOREN$ON                    (abs)        0000
__CFG_CP$OFF                      (abs)        0000
__CFG_CPD$OFF                     (abs)        0000
__CFG_FOSC$HS                     (abs)        0000
__CFG_LVP$OFF                     (abs)        0000
__CFG_PWRTE$ON                    (abs)        0000
__CFG_WDTE$OFF                    (abs)        0000
__CFG_WRT$OFF                     (abs)        0000
__Habs1                           abs1         0000
__Hbank0                          bank0        0000
__Hbank1                          bank1        0000
__Hbank2                          bank2        0000
__Hbank3                          bank3        0000
__HbssBANK1                       bssBANK1     0000
__HbssBANK3                       bssBANK3     0000
__HbssCOMMON                      bssCOMMON    0000
__Hcinit                          cinit        0052
__Hclrtext                        clrtext      0000
__Hcode                           code         0000
__Hcommon                         common       0000
__Hconfig                         config       2008
__HcstackBANK0                    cstackBANK0  0000
__HcstackBANK1                    cstackBANK1  0000
__HcstackCOMMON                   cstackCOMMON 0000
__HdataBANK1                      dataBANK1    0000
__HdataBANK2                      dataBANK2    0000
__HdataBANK3                      dataBANK3    0000
__Heeprom_data                    eeprom_data  0000
__Hend_init                       end_init     0011
__Hfunctab                        functab      0000
__HidataBANK1                     idataBANK1   0000
__HidataBANK2                     idataBANK2   0000
__HidataBANK3                     idataBANK3   0000
__Hidloc                          idloc        0000
__Hinit                           init         000E
__Hinittext                       inittext     0000
__Hintentry                       intentry     000E
__Hmaintext                       maintext     0000
__Hpowerup                        powerup      0000
__Hram                            ram          0000
__Hreset_vec                      reset_vec    0003
__Hsfr0                           sfr0         0000
__Hsfr1                           sfr1         0000
__Hsfr2                           sfr2         0000
__Hsfr3                           sfr3         0000
__Hspace_0                        (abs)        2008
__Hspace_1                        (abs)        01E8
__Hspace_2                        (abs)        0000
__Hspace_3                        (abs)        0000
__Hstack                          stack        0000
__Hstrings                        strings      0000
__Htext                           text         0000
__Labs1                           abs1         0000
__Lbank0                          bank0        0000
__Lbank1                          bank1        0000
__Lbank2                          bank2        0000
__Lbank3                          bank3        0000
__LbssBANK1                       bssBANK1     0000
__LbssBANK3                       bssBANK3     0000
__LbssCOMMON                      bssCOMMON    0000
__Lcinit                          cinit        0011
__Lclrtext                        clrtext      0000
__Lcode                           code         0000
__Lcommon                         common       0000
__Lconfig                         config       2007
__LcstackBANK0                    cstackBANK0  0000
__LcstackBANK1                    cstackBANK1  0000
__LcstackCOMMON                   cstackCOMMON 0000
__LdataBANK1                      dataBANK1    0000
__LdataBANK2                      dataBANK2    0000
__LdataBANK3                      dataBANK3    0000
__Leeprom_data                    eeprom_data  0000
__Lend_init                       end_init     000E
__Lfunctab                        functab      0000
__LidataBANK1                     idataBANK1   0000
__LidataBANK2                     idataBANK2   0000
__LidataBANK3                     idataBANK3   0000
__Lidloc                          idloc        0000
__Linit                           init         000E
__Linittext                       inittext     0000
__Lintentry                       intentry     0004
__Lmaintext                       maintext     0000
__Lpowerup                        powerup      0000
__Lram                            ram          0000
__Lreset_vec                      reset_vec    0000
__Lsfr0                           sfr0         0000
__Lsfr1                           sfr1         0000
__Lsfr2                           sfr2         0000
__Lsfr3                           sfr3         0000
__Lspace_0                        (abs)        0000
__Lspace_1                        (abs)        0000
__Lspace_2                        (abs)        0000
__Lspace_3                        (abs)        0000
__Lstack                          stack        0000
__Lstrings                        strings      0000
__Ltext                           text         0000
__S0                              (abs)        2008
__S1                              (abs)        01E8
__S2                              (abs)        0000
__S3                              (abs)        0000
___bmul                           text58       139E
___bmul@multiplicand              cstackBANK0  0020
___bmul@multiplier                cstackBANK0  0023
___bmul@product                   cstackBANK0  0022
___fladd                          text46       0296
___fladd@a                        cstackBANK0  0024
___fladd@aexp                     cstackBANK0  0031
___fladd@b                        cstackBANK0  0020
___fladd@bexp                     cstackBANK0  0032
___fladd@grs                      cstackBANK0  0033
___fladd@signs                    cstackBANK0  0030
___fldiv                          text47       04C5
___fldiv@a                        cstackBANK0  002E
___fldiv@aexp                     cstackBANK0  0047
___fldiv@b                        cstackBANK0  0032
___fldiv@bexp                     cstackBANK0  0046
___fldiv@grs                      cstackBANK0  0042
___fldiv@new_exp                  cstackBANK0  0040
___fldiv@rem                      cstackBANK0  003B
___fldiv@sign                     cstackBANK0  003F
___fleq                           text42       0868
___fleq@ff1                       cstackBANK0  0020
___fleq@ff2                       cstackBANK0  0024
___flsub                          text45       15D3
___flsub@a                        cstackBANK0  005E
___flsub@b                        cstackBANK0  0062
___fltol                          text44       0A78
___fltol@exp1                     cstackBANK0  0052
___fltol@f1                       cstackBANK0  0048
___fltol@sign1                    cstackBANK0  0051
___int_sp                         stack        0000
___latbits                        (abs)        0002
___lwmod                          text16       1719
___lwmod@counter                  cstackBANK0  0025
___lwmod@dividend                 cstackBANK0  0022
___lwmod@divisor                  cstackBANK0  0020
___sp                             stack        0000
___stackhi                        (abs)        0000
___stacklo                        (abs)        0000
___wmul                           text23       0800
___wmul@multiplicand              cstackBANK0  0022
___wmul@multiplier                cstackBANK0  0020
___wmul@product                   cstackBANK0  0024
___xxtofl                         text43       0DBC
___xxtofl@arg                     cstackBANK0  002A
___xxtofl@exp                     cstackBANK0  0029
___xxtofl@sign                    cstackBANK0  0028
___xxtofl@val                     cstackBANK0  0020
__end_of_DSP_init                 text52       1485
__end_of_DSP_update               text27       07F9
__end_of_INDICATOR_init           text51       13C4
__end_of_LED_create               text59       16B9
__end_of_LED_init                 text56       0C39
__end_of_LED_setState             text32       1401
__end_of_LED_show                 text57       0CB5
__end_of_LED_update               text31       15B4
__end_of_MO_fire                  text62       14B6
__end_of_MO_fire_update           text22       17C2
__end_of_MO_init                  text50       1618
__end_of_MO_reduceHARM            text21       168D
__end_of_MO_setTargetAngel        text14       139E
__end_of_MO_softSwitch            text20       1719
__end_of_MO_update                text19       151F
__end_of_OS_ISR                   text60       1800
__end_of_OS_init                  text33       13EC
__end_of_OS_schedular             text5        149D
__end_of_SSD_display              text55       1595
__end_of_SSD_init                 text53       076A
__end_of_SSD_off                  text18       0B52
__end_of_SSD_on                   text17       0BBF
__end_of_SSD_schematic_init       text54       0DBC
__end_of_SSD_setVal               text30       1416
__end_of_SSD_update               text15       0A13
__end_of_SW_getPressedTime        text13       136A
__end_of_T0_counter_mode_state    text49       153C
__end_of_T0_timer_mode_state      text48       1559
__end_of_TMR1_init                text26       09B4
__end_of_TMR1_reload              text25       134F
__end_of_TMR1_setState            text24       14CF
__end_of_VC_SpeedDecrease         text12       13D7
__end_of_VC_SpeedIncrease         text9        15D3
__end_of_VC_getSpeed              text29       1344
__end_of_VC_init                  text4        07FC
__end_of_VC_update                text7        0868
__end_of___bmul                   text58       13B1
__end_of___fladd                  text46       04C5
__end_of___fldiv                  text47       0668
__end_of___fleq                   text42       08B2
__end_of___flsub                  text45       15F5
__end_of___fltol                  text44       0AE5
__end_of___lwmod                  text16       174D
__end_of___wmul                   text23       0823
__end_of___xxtofl                 text43       0E61
__end_of__initialization          cinit        004E
__end_of_frexp                    text41       0904
__end_of_main                     maintext     16E5
__end_of_round                    text39       0A78
__end_of_sw_dust_handler          text11       1785
__end_of_sw_init                  text1        137B
__end_of_sw_minus_handler         text10       1442
__end_of_sw_plus_handler          text8        1458
__end_of_switch_getState          text28       142C
__end_of_switch_init              text2        0F22
__end_of_switch_update            text6        0296
__end_of_switches_Schematic_init  text3        1662
__end_of_timer0_init              text34       1000
__end_of_timer0_ovf_setState      text38       14E9
__end_of_timer0_reload            text37       1332
__end_of_timer0_set_mode          text36       1576
__end_of_timer0_set_prescaller    text35       0D34
__end_of_trunc                    text40       0959
__end_ofi1_TMR1_setState          text63       1504
__end_ofi1_timer0_reload          text61       132A
__initialization                  cinit        0011
__pbssBANK1                       bssBANK1     00C4
__pbssBANK3                       bssBANK3     0190
__pbssCOMMON                      bssCOMMON    007A
__pcstackBANK0                    cstackBANK0  0020
__pcstackBANK1                    cstackBANK1  00DF
__pcstackCOMMON                   cstackCOMMON 0070
__pdataBANK1                      dataBANK1    00A0
__pdataBANK2                      dataBANK2    0110
__pdataBANK3                      dataBANK3    01D2
__pidataBANK1                     idataBANK1   1618
__pidataBANK2                     idataBANK2   134F
__pidataBANK3                     idataBANK3   1458
__pintentry                       intentry     0004
__pmaintext                       maintext     16B9
__ptext1                          text1        136A
__ptext10                         text10       142C
__ptext11                         text11       174D
__ptext12                         text12       13C4
__ptext13                         text13       135A
__ptext14                         text14       138C
__ptext15                         text15       09B4
__ptext16                         text16       1719
__ptext17                         text17       0B52
__ptext18                         text18       0AE5
__ptext19                         text19       1504
__ptext2                          text2        0E61
__ptext20                         text20       16E5
__ptext21                         text21       1662
__ptext22                         text22       1785
__ptext23                         text23       0800
__ptext24                         text24       14B6
__ptext25                         text25       1344
__ptext26                         text26       0959
__ptext27                         text27       076A
__ptext28                         text28       1416
__ptext29                         text29       133A
__ptext3                          text3        163C
__ptext30                         text30       1401
__ptext31                         text31       1595
__ptext32                         text32       13EC
__ptext33                         text33       13D7
__ptext34                         text34       0F22
__ptext35                         text35       0CB5
__ptext36                         text36       1559
__ptext37                         text37       132A
__ptext38                         text38       14CF
__ptext39                         text39       0A13
__ptext4                          text4        07F9
__ptext40                         text40       0904
__ptext41                         text41       08B2
__ptext42                         text42       0868
__ptext43                         text43       0DBC
__ptext44                         text44       0A78
__ptext45                         text45       15D3
__ptext46                         text46       0296
__ptext47                         text47       04C5
__ptext48                         text48       153C
__ptext49                         text49       151F
__ptext5                          text5        1485
__ptext50                         text50       15F5
__ptext51                         text51       13B1
__ptext52                         text52       146E
__ptext53                         text53       0668
__ptext54                         text54       0D34
__ptext55                         text55       1576
__ptext56                         text56       0BBF
__ptext57                         text57       0C39
__ptext58                         text58       139E
__ptext59                         text59       168D
__ptext6                          text6        0052
__ptext60                         text60       17C2
__ptext61                         text61       1322
__ptext62                         text62       149D
__ptext63                         text63       14E9
__ptext7                          text7        0823
__ptext8                          text8        1442
__ptext9                          text9        15B4
__size_of_DSP_init                (abs)        0000
__size_of_DSP_update              (abs)        0000
__size_of_INDICATOR_init          (abs)        0000
__size_of_LED_create              (abs)        0000
__size_of_LED_init                (abs)        0000
__size_of_LED_setState            (abs)        0000
__size_of_LED_show                (abs)        0000
__size_of_LED_update              (abs)        0000
__size_of_MO_fire                 (abs)        0000
__size_of_MO_fire_update          (abs)        0000
__size_of_MO_init                 (abs)        0000
__size_of_MO_reduceHARM           (abs)        0000
__size_of_MO_setTargetAngel       (abs)        0000
__size_of_MO_softSwitch           (abs)        0000
__size_of_MO_update               (abs)        0000
__size_of_OS_ISR                  (abs)        0000
__size_of_OS_init                 (abs)        0000
__size_of_OS_schedular            (abs)        0000
__size_of_SSD_display             (abs)        0000
__size_of_SSD_init                (abs)        0000
__size_of_SSD_off                 (abs)        0000
__size_of_SSD_on                  (abs)        0000
__size_of_SSD_schematic_init      (abs)        0000
__size_of_SSD_setVal              (abs)        0000
__size_of_SSD_update              (abs)        0000
__size_of_SW_getPressedTime       (abs)        0000
__size_of_T0_counter_mode_state   (abs)        0000
__size_of_T0_timer_mode_state     (abs)        0000
__size_of_TMR1_init               (abs)        0000
__size_of_TMR1_reload             (abs)        0000
__size_of_TMR1_setState           (abs)        0000
__size_of_VC_SpeedDecrease        (abs)        0000
__size_of_VC_SpeedIncrease        (abs)        0000
__size_of_VC_getSpeed             (abs)        0000
__size_of_VC_init                 (abs)        0000
__size_of_VC_update               (abs)        0000
__size_of___bmul                  (abs)        0000
__size_of___fladd                 (abs)        0000
__size_of___fldiv                 (abs)        0000
__size_of___fleq                  (abs)        0000
__size_of___flsub                 (abs)        0000
__size_of___fltol                 (abs)        0000
__size_of___lwmod                 (abs)        0000
__size_of___wmul                  (abs)        0000
__size_of___xxtofl                (abs)        0000
__size_of_frexp                   (abs)        0000
__size_of_main                    (abs)        0000
__size_of_round                   (abs)        0000
__size_of_sw_dust_handler         (abs)        0000
__size_of_sw_init                 (abs)        0000
__size_of_sw_minus_handler        (abs)        0000
__size_of_sw_plus_handler         (abs)        0000
__size_of_switch_getState         (abs)        0000
__size_of_switch_init             (abs)        0000
__size_of_switch_update           (abs)        0000
__size_of_switches_Schematic_init (abs)        0000
__size_of_timer0_init             (abs)        0000
__size_of_timer0_ovf_setState     (abs)        0000
__size_of_timer0_reload           (abs)        0000
__size_of_timer0_set_mode         (abs)        0000
__size_of_timer0_set_prescaller   (abs)        0000
__size_of_trunc                   (abs)        0000
__size_ofi1_TMR1_setState         (abs)        0000
__size_ofi1_timer0_reload         (abs)        0000
_current_ssd                      bssCOMMON    007C
_frexp                            text41       08B2
_main                             maintext     16B9
_round                            text39       0A13
_ssd_data                         bssBANK3     01B1
_sw_dust_handler                  text11       174D
_sw_init                          text1        136A
_sw_minus_handler                 text10       142C
_sw_plus_handler                  text8        1442
_switch_getState                  text28       1416
_switch_init                      text2        0E61
_switch_update                    text6        0052
_switches_Schematic_init          text3        163C
_switches_data                    bssBANK3     0190
_timer0_init                      text34       0F22
_timer0_init$1518                 cstackBANK1  00E1
_timer0_init$1519                 cstackBANK1  00E5
_timer0_ovf_setState              text38       14CF
_timer0_reload                    text37       132A
_timer0_set_mode                  text36       1559
_timer0_set_prescaller            text35       0CB5
_trunc                            text40       0904
btemp                             (abs)        007E
clear_ram0                        clrtext      1332
end_of_initialization             cinit        004E
frexp@eptr                        cstackBANK0  0030
frexp@value                       cstackBANK0  002C
i1TMR1_setState@s                 cstackCOMMON 0072
i1_TMR1_setState                  text63       14E9
i1_timer0_reload                  text61       1322
i1timer0_reload@val               cstackCOMMON 0071
init_fetch0                       inittext     137B
init_ram0                         inittext     137F
interrupt_function                intentry     0004
intlevel0                         functab      0000
intlevel1                         functab      0000
intlevel2                         functab      0000
intlevel3                         functab      0000
intlevel4                         functab      0000
intlevel5                         functab      0000
reset_vec                         reset_vec    0000
round@f                           cstackBANK0  006A
round@x                           cstackBANK0  0066
saved_w                           (abs)        007E
start                             init         000E
start_initialization              cinit        0011
sw_dust_handler@step              dataBANK1    00C3
switch_getState@ret               cstackBANK0  0027
switch_getState@sw                cstackBANK0  0026
switch_init@index                 cstackBANK0  0030
switch_init@sw                    cstackBANK0  0031
switch_update@sample_index        cstackBANK0  002B
switch_update@sw_index            cstackBANK0  002C
switch_update@sw_update_counter   bssBANK1     00DC
timer0_init@m                     cstackBANK0  006E
timer0_init@o                     cstackBANK0  006F
timer0_init@p                     cstackBANK1  00E9
timer0_ovf_setState@o             cstackBANK0  0022
timer0_reload@val                 cstackBANK0  0021
timer0_set_mode@m                 cstackBANK0  0022
timer0_set_prescaller@p           cstackBANK0  0022
trunc@expon                       cstackBANK0  005C
trunc@i                           cstackBANK0  0058
trunc@x                           cstackBANK0  0053
wtemp0                            (abs)        007E


FUNCTION INFORMATION:

 *************** function _main *****************
 Defined at:
		line 37 in file "MAIN_VACCUM.c"
 Parameters:    Size  Location     Type
		None
 Auto vars:     Size  Location     Type
		None
 Return value:  Size  Location     Type
                  1    wreg      void 
 Registers used:
		wreg, fsr0l, fsr0h, status,2, status,0, btemp+1, pclath, cstack
 Tracked objects:
		On entry : 
		On exit  : 
		Unchanged: 
 Data sizes:     COMMON   BANK0   BANK1   BANK3   BANK2
      Params:         0       0       0       0       0
      Locals:         0       0       0       0       0
      Temps:          0       0       0       0       0
      Totals:         0       0       0       0       0
Total ram usage:        0 bytes
 Hardware stack levels required when called:    9
 This function calls:
		_DSP_init
		_INDICATOR_init
		_MO_init
		_OS_init
		_OS_schedular
		_VC_init
		_sw_init
 This function is called by:
		Startup code after reset
 This function uses a non-reentrant model


 *************** function _sw_init *****************
 Defined at:
		line 58 in file "SWITCH.c"
 Parameters:    Size  Location     Type
		None
 Auto vars:     Size  Location     Type
		None
 Return value:  Size  Location     Type
                  1    wreg      void 
 Registers used:
		wreg, fsr0l, fsr0h, status,2, status,0, pclath, cstack
 Tracked objects:
		On entry : 
		On exit  : 
		Unchanged: 
 Data sizes:     COMMON   BANK0   BANK1   BANK3   BANK2
      Params:         0       0       0       0       0
      Locals:         0       0       0       0       0
      Temps:          0       0       0       0       0
      Totals:         0       0       0       0       0
Total ram usage:        0 bytes
 Hardware stack levels used:    1
 Hardware stack levels required when called:    5
 This function calls:
		_switch_init
 This function is called by:
		_main
 This function uses a non-reentrant model


 *************** function _switch_init *****************
 Defined at:
		line 34 in file "SWITCH.c"
 Parameters:    Size  Location     Type
  sw              1    wreg     enum E868
 Auto vars:     Size  Location     Type
  sw              1   17[BANK0 ] enum E868
  index           1   16[BANK0 ] unsigned char 
 Return value:  Size  Location     Type
                  1    wreg      void 
 Registers used:
		wreg, fsr0l, fsr0h, status,2, status,0, pclath, cstack
 Tracked objects:
		On entry : 
		On exit  : 
		Unchanged: 
 Data sizes:     COMMON   BANK0   BANK1   BANK3   BANK2
      Params:         0       0       0       0       0
      Locals:         0       2       0       0       0
      Temps:          0      12       0       0       0
      Totals:         0      14       0       0       0
Total ram usage:       14 bytes
 Hardware stack levels used:    1
 Hardware stack levels required when called:    4
 This function calls:
		___bmul
		_switches_Schematic_init
 This function is called by:
		_sw_init
 This function uses a non-reentrant model


 *************** function _switches_Schematic_init *****************
 Defined at:
		line 153 in file "SWITCH.c"
 Parameters:    Size  Location     Type
		None
 Auto vars:     Size  Location     Type
		None
 Return value:  Size  Location     Type
                  1    wreg      void 
 Registers used:
		wreg, status,2
 Tracked objects:
		On entry : 
		On exit  : 
		Unchanged: 
 Data sizes:     COMMON   BANK0   BANK1   BANK3   BANK2
      Params:         0       0       0       0       0
      Locals:         0       0       0       0       0
      Temps:          0       1       0       0       0
      Totals:         0       1       0       0       0
Total ram usage:        1 bytes
 Hardware stack levels used:    1
 Hardware stack levels required when called:    3
 This function calls:
		Nothing
 This function is called by:
		_switch_init
 This function uses a non-reentrant model


 *************** function _VC_init *****************
 Defined at:
		line 39 in file "VACCUM.c"
 Parameters:    Size  Location     Type
		None
 Auto vars:     Size  Location     Type
		None
 Return value:  Size  Location     Type
                  1    wreg      void 
 Registers used:
		None
 Tracked objects:
		On entry : 
		On exit  : 
		Unchanged: 
 Data sizes:     COMMON   BANK0   BANK1   BANK3   BANK2
      Params:         0       0       0       0       0
      Locals:         0       0       0       0       0
      Temps:          0       0       0       0       0
      Totals:         0       0       0       0       0
Total ram usage:        0 bytes
 Hardware stack levels used:    1
 Hardware stack levels required when called:    3
 This function calls:
		Nothing
 This function is called by:
		_main
 This function uses a non-reentrant model


 *************** function _OS_schedular *****************
 Defined at:
		line 74 in file "MAIN_VACCUM.c"
 Parameters:    Size  Location     Type
		None
 Auto vars:     Size  Location     Type
		None
 Return value:  Size  Location     Type
                  1    wreg      void 
 Registers used:
		wreg, fsr0l, fsr0h, status,2, status,0, pclath, cstack
 Tracked objects:
		On entry : 
		On exit  : 
		Unchanged: 
 Data sizes:     COMMON   BANK0   BANK1   BANK3   BANK2
      Params:         0       0       0       0       0
      Locals:         0       0       0       0       0
      Temps:          0       0       0       0       0
      Totals:         0       0       0       0       0
Total ram usage:        0 bytes
 Hardware stack levels used:    1
 Hardware stack levels required when called:    7
 This function calls:
		_DSP_update
		_MO_update
		_SSD_update
		_VC_update
		_switch_update
 This function is called by:
		_main
 This function uses a non-reentrant model


 *************** function _switch_update *****************
 Defined at:
		line 78 in file "SWITCH.c"
 Parameters:    Size  Location     Type
		None
 Auto vars:     Size  Location     Type
  sw_index        1   12[BANK0 ] unsigned char 
  sample_index    1   11[BANK0 ] unsigned char 
 Return value:  Size  Location     Type
                  1    wreg      void 
 Registers used:
		wreg, fsr0l, fsr0h, status,2, status,0, pclath, cstack
 Tracked objects:
		On entry : 
		On exit  : 
		Unchanged: 
 Data sizes:     COMMON   BANK0   BANK1   BANK3   BANK2
      Params:         0       0       0       0       0
      Locals:         0       2       0       0       0
      Temps:          0       7       0       0       0
      Totals:         0       9       0       0       0
Total ram usage:        9 bytes
 Hardware stack levels used:    1
 Hardware stack levels required when called:    4
 This function calls:
		___bmul
 This function is called by:
		_OS_schedular
 This function uses a non-reentrant model


 *************** function _VC_update *****************
 Defined at:
		line 52 in file "VACCUM.c"
 Parameters:    Size  Location     Type
		None
 Auto vars:     Size  Location     Type
  sw_index        1   11[BANK0 ] unsigned char 
 Return value:  Size  Location     Type
                  1    wreg      void 
 Registers used:
		wreg, fsr0l, fsr0h, status,2, status,0, pclath, cstack
 Tracked objects:
		On entry : 
		On exit  : 
		Unchanged: 
 Data sizes:     COMMON   BANK0   BANK1   BANK3   BANK2
      Params:         0       0       0       0       0
      Locals:         0       1       0       0       0
      Temps:          0       2       0       0       0
      Totals:         0       3       0       0       0
Total ram usage:        3 bytes
 Hardware stack levels used:    1
 Hardware stack levels required when called:    6
 This function calls:
		_MO_setTargetAngel
		_sw_dust_handler
		_sw_minus_handler
		_sw_plus_handler
 This function is called by:
		_OS_schedular
 This function uses a non-reentrant model


 *************** function _sw_plus_handler *****************
 Defined at:
		line 95 in file "VACCUM.c"
 Parameters:    Size  Location     Type
		None
 Auto vars:     Size  Location     Type
		None
 Return value:  Size  Location     Type
                  1    wreg      void 
 Registers used:
		wreg, fsr0l, fsr0h, status,2, status,0, pclath, cstack
 Tracked objects:
		On entry : 
		On exit  : 
		Unchanged: 
 Data sizes:     COMMON   BANK0   BANK1   BANK3   BANK2
      Params:         0       0       0       0       0
      Locals:         0       0       0       0       0
      Temps:          0       0       0       0       0
      Totals:         0       0       0       0       0
Total ram usage:        0 bytes
 Hardware stack levels used:    1
 Hardware stack levels required when called:    5
 This function calls:
		_VC_SpeedIncrease
		_switch_getState
 This function is called by:
		_VC_update
 This function uses a non-reentrant model


 *************** function _VC_SpeedIncrease *****************
 Defined at:
		line 134 in file "VACCUM.c"
 Parameters:    Size  Location     Type
		None
 Auto vars:     Size  Location     Type
		None
 Return value:  Size  Location     Type
                  1    wreg      void 
 Registers used:
		wreg, status,2, status,0
 Tracked objects:
		On entry : 
		On exit  : 
		Unchanged: 
 Data sizes:     COMMON   BANK0   BANK1   BANK3   BANK2
      Params:         0       0       0       0       0
      Locals:         0       2       0       0       0
      Temps:          0       3       0       0       0
      Totals:         0       5       0       0       0
Total ram usage:        5 bytes
 Hardware stack levels used:    1
 Hardware stack levels required when called:    3
 This function calls:
		Nothing
 This function is called by:
		_sw_plus_handler
 This function uses a non-reentrant model


 *************** function _sw_minus_handler *****************
 Defined at:
		line 105 in file "VACCUM.c"
 Parameters:    Size  Location     Type
		None
 Auto vars:     Size  Location     Type
		None
 Return value:  Size  Location     Type
                  1    wreg      void 
 Registers used:
		wreg, fsr0l, fsr0h, status,2, status,0, pclath, cstack
 Tracked objects:
		On entry : 
		On exit  : 
		Unchanged: 
 Data sizes:     COMMON   BANK0   BANK1   BANK3   BANK2
      Params:         0       0       0       0       0
      Locals:         0       0       0       0       0
      Temps:          0       0       0       0       0
      Totals:         0       0       0       0       0
Total ram usage:        0 bytes
 Hardware stack levels used:    1
 Hardware stack levels required when called:    5
 This function calls:
		_VC_SpeedDecrease
		_switch_getState
 This function is called by:
		_VC_update
 This function uses a non-reentrant model


 *************** function _sw_dust_handler *****************
 Defined at:
		line 115 in file "VACCUM.c"
 Parameters:    Size  Location     Type
		None
 Auto vars:     Size  Location     Type
		None
 Return value:  Size  Location     Type
                  1    wreg      void 
 Registers used:
		wreg, fsr0l, fsr0h, status,2, status,0, pclath, cstack
 Tracked objects:
		On entry : 
		On exit  : 
		Unchanged: 
 Data sizes:     COMMON   BANK0   BANK1   BANK3   BANK2
      Params:         0       0       0       0       0
      Locals:         0       0       0       0       0
      Temps:          0       1       0       0       0
      Totals:         0       1       0       0       0
Total ram usage:        1 bytes
 Hardware stack levels used:    1
 Hardware stack levels required when called:    5
 This function calls:
		_SW_getPressedTime
		_VC_SpeedDecrease
		_switch_getState
 This function is called by:
		_VC_update
 This function uses a non-reentrant model


 *************** function _VC_SpeedDecrease *****************
 Defined at:
		line 139 in file "VACCUM.c"
 Parameters:    Size  Location     Type
		None
 Auto vars:     Size  Location     Type
		None
 Return value:  Size  Location     Type
                  1    wreg      void 
 Registers used:
		wreg, status,2, status,0
 Tracked objects:
		On entry : 
		On exit  : 
		Unchanged: 
 Data sizes:     COMMON   BANK0   BANK1   BANK3   BANK2
      Params:         0       0       0       0       0
      Locals:         0       2       0       0       0
      Temps:          0       2       0       0       0
      Totals:         0       4       0       0       0
Total ram usage:        4 bytes
 Hardware stack levels used:    1
 Hardware stack levels required when called:    3
 This function calls:
		Nothing
 This function is called by:
		_sw_minus_handler
		_sw_dust_handler
 This function uses a non-reentrant model


 *************** function _SW_getPressedTime *****************
 Defined at:
		line 175 in file "SWITCH.c"
 Parameters:    Size  Location     Type
  sw              1    wreg     enum E868
 Auto vars:     Size  Location     Type
  sw              1    5[BANK0 ] enum E868
 Return value:  Size  Location     Type
                  1    wreg      unsigned char 
 Registers used:
		wreg, fsr0l, fsr0h, status,2, status,0, pclath, cstack
 Tracked objects:
		On entry : 
		On exit  : 
		Unchanged: 
 Data sizes:     COMMON   BANK0   BANK1   BANK3   BANK2
      Params:         0       0       0       0       0
      Locals:         0       1       0       0       0
      Temps:          0       1       0       0       0
      Totals:         0       2       0       0       0
Total ram usage:        2 bytes
 Hardware stack levels used:    1
 Hardware stack levels required when called:    4
 This function calls:
		___bmul
 This function is called by:
		_sw_dust_handler
 This function uses a non-reentrant model


 *************** function _MO_setTargetAngel *****************
 Defined at:
		line 77 in file "MOTOR.c"
 Parameters:    Size  Location     Type
  angel           1    wreg     enum E2
 Auto vars:     Size  Location     Type
  angel           1    1[BANK0 ] enum E2
 Return value:  Size  Location     Type
                  1    wreg      void 
 Registers used:
		wreg, fsr0l, fsr0h, status,2, status,0
 Tracked objects:
		On entry : 
		On exit  : 
		Unchanged: 
 Data sizes:     COMMON   BANK0   BANK1   BANK3   BANK2
      Params:         0       0       0       0       0
      Locals:         0       1       0       0       0
      Temps:          0       1       0       0       0
      Totals:         0       2       0       0       0
Total ram usage:        2 bytes
 Hardware stack levels used:    1
 Hardware stack levels required when called:    3
 This function calls:
		Nothing
 This function is called by:
		_VC_update
 This function uses a non-reentrant model


 *************** function _SSD_update *****************
 Defined at:
		line 68 in file "SSD.c"
 Parameters:    Size  Location     Type
		None
 Auto vars:     Size  Location     Type
  index           1   21[BANK0 ] unsigned char 
 Return value:  Size  Location     Type
                  1    wreg      void 
 Registers used:
		wreg, fsr0l, fsr0h, status,2, status,0, pclath, cstack
 Tracked objects:
		On entry : 
		On exit  : 
		Unchanged: 
 Data sizes:     COMMON   BANK0   BANK1   BANK3   BANK2
      Params:         0       0       0       0       0
      Locals:         0       2       0       0       0
      Temps:          0       3       0       0       0
      Totals:         0       5       0       0       0
Total ram usage:        5 bytes
 Hardware stack levels used:    1
 Hardware stack levels required when called:    5
 This function calls:
		_SSD_display
		_SSD_off
		_SSD_on
		___bmul
		___lwmod
 This function is called by:
		_OS_schedular
 This function uses a non-reentrant model


 *************** function ___lwmod *****************
 Defined at:
		line 5 in file "C:\Program Files (x86)\Microchip\xc8\v2.05\pic\sources\c90\common\lwmod.c"
 Parameters:    Size  Location     Type
  divisor         2    0[BANK0 ] unsigned int 
  dividend        2    2[BANK0 ] unsigned int 
 Auto vars:     Size  Location     Type
  counter         1    5[BANK0 ] unsigned char 
 Return value:  Size  Location     Type
                  2    0[BANK0 ] unsigned int 
 Registers used:
		wreg, status,2, status,0
 Tracked objects:
		On entry : 
		On exit  : 
		Unchanged: 
 Data sizes:     COMMON   BANK0   BANK1   BANK3   BANK2
      Params:         0       4       0       0       0
      Locals:         0       1       0       0       0
      Temps:          0       1       0       0       0
      Totals:         0       6       0       0       0
Total ram usage:        6 bytes
 Hardware stack levels used:    1
 Hardware stack levels required when called:    3
 This function calls:
		Nothing
 This function is called by:
		_SSD_update
 This function uses a non-reentrant model


 *************** function _SSD_on *****************
 Defined at:
		line 120 in file "SSD.c"
 Parameters:    Size  Location     Type
  ssd             1    wreg     enum E881
 Auto vars:     Size  Location     Type
  ssd             1   16[BANK0 ] enum E881
 Return value:  Size  Location     Type
                  1    wreg      void 
 Registers used:
		wreg, fsr0l, fsr0h, status,2, status,0, pclath, cstack
 Tracked objects:
		On entry : 
		On exit  : 
		Unchanged: 
 Data sizes:     COMMON   BANK0   BANK1   BANK3   BANK2
      Params:         0       0       0       0       0
      Locals:         0       1       0       0       0
      Temps:          0      12       0       0       0
      Totals:         0      13       0       0       0
Total ram usage:       13 bytes
 Hardware stack levels used:    1
 Hardware stack levels required when called:    4
 This function calls:
		___bmul
 This function is called by:
		_SSD_update
 This function uses a non-reentrant model


 *************** function _SSD_off *****************
 Defined at:
		line 124 in file "SSD.c"
 Parameters:    Size  Location     Type
  ssd             1    wreg     enum E881
 Auto vars:     Size  Location     Type
  ssd             1   16[BANK0 ] enum E881
 Return value:  Size  Location     Type
                  1    wreg      void 
 Registers used:
		wreg, fsr0l, fsr0h, status,2, status,0, pclath, cstack
 Tracked objects:
		On entry : 
		On exit  : 
		Unchanged: 
 Data sizes:     COMMON   BANK0   BANK1   BANK3   BANK2
      Params:         0       0       0       0       0
      Locals:         0       1       0       0       0
      Temps:          0      12       0       0       0
      Totals:         0      13       0       0       0
Total ram usage:       13 bytes
 Hardware stack levels used:    1
 Hardware stack levels required when called:    4
 This function calls:
		___bmul
 This function is called by:
		_SSD_update
 This function uses a non-reentrant model


 *************** function _MO_update *****************
 Defined at:
		line 117 in file "MOTOR.c"
 Parameters:    Size  Location     Type
		None
 Auto vars:     Size  Location     Type
		None
 Return value:  Size  Location     Type
                  1    wreg      void 
 Registers used:
		wreg, fsr0l, fsr0h, status,2, status,0, pclath, cstack
 Tracked objects:
		On entry : 
		On exit  : 
		Unchanged: 
 Data sizes:     COMMON   BANK0   BANK1   BANK3   BANK2
      Params:         0       0       0       0       0
      Locals:         0       0       0       0       0
      Temps:          0       1       0       0       0
      Totals:         0       1       0       0       0
Total ram usage:        1 bytes
 Hardware stack levels used:    1
 Hardware stack levels required when called:    5
 This function calls:
		_MO_fire_update
		_MO_reduceHARM
		_MO_softSwitch
 This function is called by:
		_OS_schedular
 This function uses a non-reentrant model


 *************** function _MO_softSwitch *****************
 Defined at:
		line 159 in file "MOTOR.c"
 Parameters:    Size  Location     Type
		None
 Auto vars:     Size  Location     Type
		None
 Return value:  Size  Location     Type
                  1    wreg      void 
 Registers used:
		wreg, status,2, status,0
 Tracked objects:
		On entry : 
		On exit  : 
		Unchanged: 
 Data sizes:     COMMON   BANK0   BANK1   BANK3   BANK2
      Params:         0       0       0       0       0
      Locals:         0       0       0       0       0
      Temps:          0       1       0       0       0
      Totals:         0       1       0       0       0
Total ram usage:        1 bytes
 Hardware stack levels used:    1
 Hardware stack levels required when called:    3
 This function calls:
		Nothing
 This function is called by:
		_MO_update
 This function uses a non-reentrant model


 *************** function _MO_reduceHARM *****************
 Defined at:
		line 188 in file "MOTOR.c"
 Parameters:    Size  Location     Type
		None
 Auto vars:     Size  Location     Type
		None
 Return value:  Size  Location     Type
                  1    wreg      void 
 Registers used:
		wreg, status,2, status,0
 Tracked objects:
		On entry : 
		On exit  : 
		Unchanged: 
 Data sizes:     COMMON   BANK0   BANK1   BANK3   BANK2
      Params:         0       0       0       0       0
      Locals:         0       0       0       0       0
      Temps:          0       1       0       0       0
      Totals:         0       1       0       0       0
Total ram usage:        1 bytes
 Hardware stack levels used:    1
 Hardware stack levels required when called:    3
 This function calls:
		Nothing
 This function is called by:
		_MO_update
 This function uses a non-reentrant model


 *************** function _MO_fire_update *****************
 Defined at:
		line 140 in file "MOTOR.c"
 Parameters:    Size  Location     Type
		None
 Auto vars:     Size  Location     Type
		None
 Return value:  Size  Location     Type
                  1    wreg      void 
 Registers used:
		wreg, fsr0l, fsr0h, status,2, status,0, pclath, cstack
 Tracked objects:
		On entry : 
		On exit  : 
		Unchanged: 
 Data sizes:     COMMON   BANK0   BANK1   BANK3   BANK2
      Params:         0       0       0       0       0
      Locals:         0       0       0       0       0
      Temps:          0       0       0       0       0
      Totals:         0       0       0       0       0
Total ram usage:        0 bytes
 Hardware stack levels used:    1
 Hardware stack levels required when called:    4
 This function calls:
		_TMR1_init
		_TMR1_reload
		_TMR1_setState
		___wmul
 This function is called by:
		_MO_update
 This function uses a non-reentrant model


 *************** function ___wmul *****************
 Defined at:
		line 15 in file "C:\Program Files (x86)\Microchip\xc8\v2.05\pic\sources\c90\common\Umul16.c"
 Parameters:    Size  Location     Type
  multiplier      2    0[BANK0 ] unsigned int 
  multiplicand    2    2[BANK0 ] unsigned int 
 Auto vars:     Size  Location     Type
  product         2    4[BANK0 ] unsigned int 
 Return value:  Size  Location     Type
                  2    0[BANK0 ] unsigned int 
 Registers used:
		wreg, status,2, status,0
 Tracked objects:
		On entry : 
		On exit  : 
		Unchanged: 
 Data sizes:     COMMON   BANK0   BANK1   BANK3   BANK2
      Params:         0       4       0       0       0
      Locals:         0       2       0       0       0
      Temps:          0       0       0       0       0
      Totals:         0       6       0       0       0
Total ram usage:        6 bytes
 Hardware stack levels used:    1
 Hardware stack levels required when called:    3
 This function calls:
		Nothing
 This function is called by:
		_MO_fire_update
 This function uses a non-reentrant model


 *************** function _TMR1_setState *****************
 Defined at:
		line 86 in file "TIMER1.c"
 Parameters:    Size  Location     Type
  s               1    wreg     enum E882
 Auto vars:     Size  Location     Type
  s               1    2[BANK0 ] enum E882
 Return value:  Size  Location     Type
                  1    wreg      void 
 Registers used:
		wreg, fsr0l, fsr0h, status,2, status,0
 Tracked objects:
		On entry : 
		On exit  : 
		Unchanged: 
 Data sizes:     COMMON   BANK0   BANK1   BANK3   BANK2
      Params:         0       0       0       0       0
      Locals:         0       1       0       0       0
      Temps:          0       2       0       0       0
      Totals:         0       3       0       0       0
Total ram usage:        3 bytes
 Hardware stack levels used:    1
 Hardware stack levels required when called:    3
 This function calls:
		Nothing
 This function is called by:
		_MO_fire_update
 This function uses a non-reentrant model


 *************** function _TMR1_reload *****************
 Defined at:
		line 71 in file "TIMER1.c"
 Parameters:    Size  Location     Type
  val             2    6[BANK0 ] unsigned short 
 Auto vars:     Size  Location     Type
		None
 Return value:  Size  Location     Type
                  1    wreg      void 
 Registers used:
		wreg, status,2
 Tracked objects:
		On entry : 
		On exit  : 
		Unchanged: 
 Data sizes:     COMMON   BANK0   BANK1   BANK3   BANK2
      Params:         0       2       0       0       0
      Locals:         0       0       0       0       0
      Temps:          0       1       0       0       0
      Totals:         0       3       0       0       0
Total ram usage:        3 bytes
 Hardware stack levels used:    1
 Hardware stack levels required when called:    3
 This function calls:
		Nothing
 This function is called by:
		_MO_fire_update
 This function uses a non-reentrant model


 *************** function _TMR1_init *****************
 Defined at:
		line 14 in file "TIMER1.c"
 Parameters:    Size  Location     Type
  p               1    wreg     enum E872
  m               1    0[BANK0 ] enum E868
  s               1    1[BANK0 ] enum E878
 Auto vars:     Size  Location     Type
  p               1    4[BANK0 ] enum E872
 Return value:  Size  Location     Type
                  1    wreg      void 
 Registers used:
		wreg, fsr0l, fsr0h, status,2, status,0
 Tracked objects:
		On entry : 
		On exit  : 
		Unchanged: 
 Data sizes:     COMMON   BANK0   BANK1   BANK3   BANK2
      Params:         0       2       0       0       0
      Locals:         0       1       0       0       0
      Temps:          0       2       0       0       0
      Totals:         0       5       0       0       0
Total ram usage:        5 bytes
 Hardware stack levels used:    1
 Hardware stack levels required when called:    3
 This function calls:
		Nothing
 This function is called by:
		_MO_fire_update
 This function uses a non-reentrant model


 *************** function _DSP_update *****************
 Defined at:
		line 43 in file "DISPLAY.c"
 Parameters:    Size  Location     Type
		None
 Auto vars:     Size  Location     Type
[...]
                  1    wreg      void 
 Registers used:
		wreg, fsr0l, fsr0h, status,2, status,0
 Tracked objects:
		On entry : 
		On exit  : 
		Unchanged: 
 Data sizes:     COMMON   BANK0   BANK1   BANK3   BANK2
      Params:         0       0       0       0       0
      Locals:         0       1       0       0       0
      Temps:          0       2       0       0       0
      Totals:         0       3       0       0       0
Total ram usage:        3 bytes
 Hardware stack levels used:    1
 Hardware stack levels required when called:    3
 This function calls:
		Nothing
 This function is called by:
		_timer0_init
 This function uses a non-reentrant model


 *************** function _MO_init *****************
 Defined at:
		line 53 in file "MOTOR.c"
 Parameters:    Size  Location     Type
		None
 Auto vars:     Size  Location     Type
		None
 Return value:  Size  Location     Type
                  1    wreg      void 
 Registers used:
		wreg, status,2
 Tracked objects:
		On entry : 
		On exit  : 
		Unchanged: 
 Data sizes:     COMMON   BANK0   BANK1   BANK3   BANK2
      Params:         0       0       0       0       0
      Locals:         0       0       0       0       0
      Temps:          0       1       0       0       0
      Totals:         0       1       0       0       0
Total ram usage:        1 bytes
 Hardware stack levels used:    1
 Hardware stack levels required when called:    3
 This function calls:
		Nothing
 This function is called by:
		_main
 This function uses a non-reentrant model


 *************** function _INDICATOR_init *****************
 Defined at:
		line 66 in file "MAIN_VACCUM.c"
 Parameters:    Size  Location     Type
		None
 Auto vars:     Size  Location     Type
		None
 Return value:  Size  Location     Type
                  1    wreg      void 
 Registers used:
		wreg, status,2
 Tracked objects:
		On entry : 
		On exit  : 
		Unchanged: 
 Data sizes:     COMMON   BANK0   BANK1   BANK3   BANK2
      Params:         0       0       0       0       0
      Locals:         0       0       0       0       0
      Temps:          0       1       0       0       0
      Totals:         0       1       0       0       0
Total ram usage:        1 bytes
 Hardware stack levels used:    1
 Hardware stack levels required when called:    3
 This function calls:
		Nothing
 This function is called by:
		_main
 This function uses a non-reentrant model


 *************** function _DSP_init *****************
 Defined at:
		line 30 in file "DISPLAY.c"
 Parameters:    Size  Location     Type
		None
 Auto vars:     Size  Location     Type
		None
 Return value:  Size  Location     Type
                  1    wreg      void 
 Registers used:
		wreg, fsr0l, fsr0h, status,2, status,0, pclath, cstack
 Tracked objects:
		On entry : 
		On exit  : 
		Unchanged: 
 Data sizes:     COMMON   BANK0   BANK1   BANK3   BANK2
      Params:         0       0       0       0       0
      Locals:         0       0       0       0       0
      Temps:          0       0       0       0       0
      Totals:         0       0       0       0       0
Total ram usage:        0 bytes
 Hardware stack levels used:    1
 Hardware stack levels required when called:    6
 This function calls:
		_LED_init
		_SSD_init
 This function is called by:
		_main
 This function uses a non-reentrant model


 *************** function _SSD_init *****************
 Defined at:
		line 43 in file "SSD.c"
 Parameters:    Size  Location     Type
  ssd             1    wreg     enum E881
 Auto vars:     Size  Location     Type
  ssd             1   51[BANK0 ] enum E881
 Return value:  Size  Location     Type
                  1    wreg      void 
 Registers used:
		wreg, fsr0l, fsr0h, status,2, status,0, pclath, cstack
 Tracked objects:
		On entry : 
		On exit  : 
		Unchanged: 
 Data sizes:     COMMON   BANK0   BANK1   BANK3   BANK2
      Params:         0       0       0       0       0
      Locals:         0       3       0       0       0
      Temps:          0      12       0       0       0
      Totals:         0      15       0       0       0
Total ram usage:       15 bytes
 Hardware stack levels used:    1
 Hardware stack levels required when called:    5
 This function calls:
		_SSD_display
		_SSD_schematic_init
		___bmul
 This function is called by:
		_DSP_init
 This function uses a non-reentrant model


 *************** function _SSD_schematic_init *****************
 Defined at:
		line 104 in file "SSD.c"
 Parameters:    Size  Location     Type
		None
 Auto vars:     Size  Location     Type
  936            11   26[BANK0 ] struct .
  934            11   15[BANK0 ] struct .
  932            11    4[BANK0 ] struct .
 Return value:  Size  Location     Type
                  1    wreg      void 
 Registers used:
		wreg, fsr0l, fsr0h, status,2, status,0
 Tracked objects:
		On entry : 
		On exit  : 
		Unchanged: 
 Data sizes:     COMMON   BANK0   BANK1   BANK3   BANK2
      Params:         0       0       0       0       0
      Locals:         0      33       0       0       0
      Temps:          0       4       0       0       0
      Totals:         0      37       0       0       0
Total ram usage:       37 bytes
 Hardware stack levels used:    1
 Hardware stack levels required when called:    3
 This function calls:
		Nothing
 This function is called by:
		_SSD_init
 This function uses a non-reentrant model


 *************** function _SSD_display *****************
 Defined at:
		line 115 in file "SSD.c"
 Parameters:    Size  Location     Type
  ssd             1    wreg     enum E881
  data            1    4[BANK0 ] unsigned char 
 Auto vars:     Size  Location     Type
  ssd             1    9[BANK0 ] enum E881
 Return value:  Size  Location     Type
                  1    wreg      void 
 Registers used:
		wreg, fsr0l, fsr0h, status,2, status,0, pclath, cstack
 Tracked objects:
		On entry : 
		On exit  : 
		Unchanged: 
 Data sizes:     COMMON   BANK0   BANK1   BANK3   BANK2
      Params:         0       1       0       0       0
      Locals:         0       1       0       0       0
      Temps:          0       4       0       0       0
      Totals:         0       6       0       0       0
Total ram usage:        6 bytes
 Hardware stack levels used:    1
 Hardware stack levels required when called:    4
 This function calls:
		___bmul
 This function is called by:
		_SSD_init
		_SSD_update
 This function uses a non-reentrant model


 *************** function _LED_init *****************
 Defined at:
		line 42 in file "LED.c"
 Parameters:    Size  Location     Type
  led             1    wreg     enum E2
 Auto vars:     Size  Location     Type
  led             1   30[BANK0 ] enum E2
 Return value:  Size  Location     Type
                  1    wreg      void 
 Registers used:
		wreg, fsr0l, fsr0h, status,2, status,0, pclath, cstack
 Tracked objects:
		On entry : 
		On exit  : 
		Unchanged: 
 Data sizes:     COMMON   BANK0   BANK1   BANK3   BANK2
      Params:         0       0       0       0       0
      Locals:         0       1       0       0       0
      Temps:          0      12       0       0       0
      Totals:         0      13       0       0       0
Total ram usage:       13 bytes
 Hardware stack levels used:    1
 Hardware stack levels required when called:    5
 This function calls:
		_LED_create
		_LED_show
		___bmul
 This function is called by:
		_DSP_init
 This function uses a non-reentrant model


 *************** function _LED_show *****************
 Defined at:
		line 67 in file "LED.c"
 Parameters:    Size  Location     Type
  led             1    wreg     enum E2
 Auto vars:     Size  Location     Type
  led             1   17[BANK0 ] enum E2
 Return value:  Size  Location     Type
                  1    wreg      void 
 Registers used:
		wreg, fsr0l, fsr0h, status,2, status,0, pclath, cstack
 Tracked objects:
		On entry : 
		On exit  : 
		Unchanged: 
 Data sizes:     COMMON   BANK0   BANK1   BANK3   BANK2
      Params:         0       0       0       0       0
      Locals:         0       1       0       0       0
      Temps:          0      13       0       0       0
      Totals:         0      14       0       0       0
Total ram usage:       14 bytes
 Hardware stack levels used:    1
 Hardware stack levels required when called:    4
 This function calls:
		___bmul
 This function is called by:
		_LED_init
		_LED_update
 This function uses a non-reentrant model


 *************** function ___bmul *****************
 Defined at:
		line 4 in file "C:\Program Files (x86)\Microchip\xc8\v2.05\pic\sources\c90\common\Umul8.c"
 Parameters:    Size  Location     Type
  multiplier      1    wreg     unsigned char 
  multiplicand    1    0[BANK0 ] unsigned char 
 Auto vars:     Size  Location     Type
  multiplier      1    3[BANK0 ] unsigned char 
  product         1    2[BANK0 ] unsigned char 
 Return value:  Size  Location     Type
                  1    wreg      unsigned char 
 Registers used:
		wreg, status,2, status,0
 Tracked objects:
		On entry : 
		On exit  : 
		Unchanged: 
 Data sizes:     COMMON   BANK0   BANK1   BANK3   BANK2
      Params:         0       1       0       0       0
      Locals:         0       2       0       0       0
      Temps:          0       1       0       0       0
      Totals:         0       4       0       0       0
Total ram usage:        4 bytes
 Hardware stack levels used:    1
 Hardware stack levels required when called:    3
 This function calls:
		Nothing
 This function is called by:
		_SSD_init
		_SSD_setVal
		_SSD_update
		_SSD_display
		_SSD_on
		_SSD_off
		_switch_init
		_switch_getState
		_switch_update
		_SW_getPressedTime
		_DSP_update
		_LED_init
		_LED_setState
		_LED_show
		_SSD_setSymbol
		_SSD_getSymbol
		_switch_setState
		_LED_getState
 This function uses a non-reentrant model


 *************** function _LED_create *****************
 Defined at:
		line 89 in file "LED.c"
 Parameters:    Size  Location     Type
		None
 Auto vars:     Size  Location     Type
  910             6    0[BANK0 ] struct led
 Return value:  Size  Location     Type
                  1    wreg      void 
 Registers used:
		wreg, fsr0l, fsr0h, status,2, status,0
 Tracked objects:
		On entry : 
		On exit  : 
		Unchanged: 
 Data sizes:     COMMON   BANK0   BANK1   BANK3   BANK2
      Params:         0       0       0       0       0
      Locals:         0       6       0       0       0
      Temps:          0       0       0       0       0
      Totals:         0       6       0       0       0
Total ram usage:        6 bytes
 Hardware stack levels used:    1
 Hardware stack levels required when called:    3
 This function calls:
		Nothing
 This function is called by:
		_LED_init
 This function uses a non-reentrant model


 *************** function _OS_ISR *****************
 Defined at:
		line 83 in file "MAIN_VACCUM.c"
 Parameters:    Size  Location     Type
		None
 Auto vars:     Size  Location     Type
		None
 Return value:  Size  Location     Type
                  1    wreg      void 
 Registers used:
		wreg, fsr0l, fsr0h, status,2, status,0, pclath, cstack
 Tracked objects:
		On entry : 
		On exit  : 
		Unchanged: 
 Data sizes:     COMMON   BANK0   BANK1   BANK3   BANK2
      Params:         0       0       0       0       0
      Locals:         0       0       0       0       0
      Temps:          6       0       0       0       0
      Totals:         6       0       0       0       0
Total ram usage:        6 bytes
 Hardware stack levels used:    1
 Hardware stack levels required when called:    2
 This function calls:
		_MO_fire
		i1_timer0_reload
 This function is called by:
		Interrupt level 1
 This function uses a non-reentrant model


 *************** function i1_timer0_reload *****************
 Defined at:
		line 41 in file "TIMER0.c"
 Parameters:    Size  Location     Type
  val             1    wreg     unsigned char 
 Auto vars:     Size  Location     Type
  val             1    1[COMMON] unsigned char 
 Return value:  Size  Location     Type
                  1    wreg      void 
 Registers used:
		wreg
 Tracked objects:
		On entry : 
		On exit  : 
		Unchanged: 
 Data sizes:     COMMON   BANK0   BANK1   BANK3   BANK2
      Params:         0       0       0       0       0
      Locals:         1       0       0       0       0
      Temps:          1       0       0       0       0
      Totals:         2       0       0       0       0
Total ram usage:        2 bytes
 Hardware stack levels used:    1
 This function calls:
		Nothing
 This function is called by:
		_OS_ISR
 This function uses a non-reentrant model


 *************** function _MO_fire *****************
 Defined at:
		line 98 in file "MOTOR.c"
 Parameters:    Size  Location     Type
		None
 Auto vars:     Size  Location     Type
		None
 Return value:  Size  Location     Type
                  1    wreg      void 
 Registers used:
		wreg, fsr0l, fsr0h, status,2, status,0, pclath, cstack
 Tracked objects:
		On entry : 
		On exit  : 
		Unchanged: 
 Data sizes:     COMMON   BANK0   BANK1   BANK3   BANK2
      Params:         0       0       0       0       0
      Locals:         0       0       0       0       0
      Temps:          1       0       0       0       0
      Totals:         1       0       0       0       0
Total ram usage:        1 bytes
 Hardware stack levels used:    1
 Hardware stack levels required when called:    1
 This function calls:
		i1_TMR1_setState
 This function is called by:
		_OS_ISR
 This function uses a non-reentrant model


 *************** function i1_TMR1_setState *****************
 Defined at:
		line 86 in file "TIMER1.c"
 Parameters:    Size  Location     Type
  s               1    wreg     enum E882
 Auto vars:     Size  Location     Type
  s               1    2[COMMON] enum E882
 Return value:  Size  Location     Type
                  1    wreg      void 
 Registers used:
		wreg, fsr0l, fsr0h, status,2, status,0
 Tracked objects:
		On entry : 
		On exit  : 
		Unchanged: 
 Data sizes:     COMMON   BANK0   BANK1   BANK3   BANK2
      Params:         0       0       0       0       0
      Locals:         1       0       0       0       0
      Temps:          2       0       0       0       0
      Totals:         3       0       0       0       0
Total ram usage:        3 bytes
 Hardware stack levels used:    1
 This function calls:
		Nothing
 This function is called by:
		_MO_fire
 This function uses a non-reentrant model



MODULE INFORMATION

Module		Function		Class		Link	Load	Size
C:\Program Files (x86)\Microchip\xc8\v2.05\pic\sources\c90\common\sprcadd.c
		___flsub       		CODE           	15D3	0000	35
		___fladd       		CODE           	0296	0000	560

C:\Program Files (x86)\Microchip\xc8\v2.05\pic\sources\c90\common\sprcadd.c estimated size: 595

TIMER1.c
		_TMR1_reload   		CODE           	1344	0000	12
		_TMR1_init     		CODE           	0959	0000	92
		_TMR1_setState 		CODE           	14B6	0000	26

TIMER1.c estimated size: 130

C:\Program Files (x86)\Microchip\xc8\v2.05\pic\sources\c90\common\frexp.c
		_frexp         		CODE           	08B2	0000	83

C:\Program Files (x86)\Microchip\xc8\v2.05\pic\sources\c90\common\frexp.c estimated size: 83

LED.c
		_LED_create    		CODE           	168D	0000	45
		_LED_show      		CODE           	0C39	0000	125
		_LED_init      		CODE           	0BBF	0000	123
		_LED_setState  		CODE           	13EC	0000	22
		_LED_update    		CODE           	1595	0000	32

LED.c estimated size: 347

SSD.c
		_SSD_setVal    		CODE           	1401	0000	22
		_SSD_off       		CODE           	0AE5	0000	110
		_SSD_update    		CODE           	09B4	0000	96
		_SSD_display   		CODE           	1576	0000	32
		_SSD_on        		CODE           	0B52	0000	110
		_SSD_init      		CODE           	0668	0000	259
		_SSD_schematic_init		CODE           	0D34	0000	137

SSD.c estimated size: 766

VACCUM.c
		_sw_plus_handler		CODE           	1442	0000	23
		_VC_SpeedDecrease		CODE           	13C4	0000	20
		_VC_SpeedIncrease		CODE           	15B4	0000	32
		_VC_init       		CODE           	07F9	0000	4
		_sw_dust_handler		CODE           	174D	0000	57
		_VC_getSpeed   		CODE           	133A	0000	11
		_sw_minus_handler		CODE           	142C	0000	23
		_VC_update     		CODE           	0823	0000	70

VACCUM.c estimated size: 240

MOTOR.c
		_MO_update     		CODE           	1504	0000	28
		_MO_fire       		CODE           	149D	0000	26
		_MO_fire_update		CODE           	1785	0000	62
		_MO_init       		CODE           	15F5	0000	36
		_MO_softSwitch 		CODE           	16E5	0000	53
		_MO_reduceHARM 		CODE           	1662	0000	44
		_MO_setTargetAngel		CODE           	138C	0000	19

MOTOR.c estimated size: 268

C:\Program Files (x86)\Microchip\xc8\v2.05\pic\sources\c90\common\fltol.c
		___fltol       		CODE           	0A78	0000	110

C:\Program Files (x86)\Microchip\xc8\v2.05\pic\sources\c90\common\fltol.c estimated size: 110

C:\Program Files (x86)\Microchip\xc8\v2.05\pic\sources\c90\common\Umul16.c
		___wmul        		CODE           	0800	0000	36

C:\Program Files (x86)\Microchip\xc8\v2.05\pic\sources\c90\common\Umul16.c estimated size: 36

C:\Program Files (x86)\Microchip\xc8\v2.05\pic\sources\c90\common\Umul8.c
		___bmul        		CODE           	139E	0000	20

C:\Program Files (x86)\Microchip\xc8\v2.05\pic\sources\c90\common\Umul8.c estimated size: 20

SWITCH.c
		_switches_Schematic_init		CODE           	163C	0000	39
		_switch_getState		CODE           	1416	0000	23
		_SW_getPressedTime		CODE           	135A	0000	17
		_switch_init   		CODE           	0E61	0000	194
		_switch_update 		CODE           	0052	0000	581
		_sw_init       		CODE           	136A	0000	18

SWITCH.c estimated size: 872

MAIN_VACCUM.c
		_OS_schedular  		CODE           	1485	0000	25
		_main          		CODE           	16B9	0000	45
		_OS_ISR        		CODE           	17C2	0000	63
		_OS_init       		CODE           	13D7	0000	22
		_INDICATOR_init		CODE           	13B1	0000	20

MAIN_VACCUM.c estimated size: 175

shared
		i1_timer0_reload		CODE           	1322	0000	9
		__initialization		CODE           	0011	0000	62
		i1_TMR1_setState		CODE           	14E9	0000	28

shared estimated size: 99

TIMER0.c
		_T0_timer_mode_state		CODE           	153C	0000	30
		_timer0_ovf_setState		CODE           	14CF	0000	27
		_timer0_init   		CODE           	0F22	0000	223
		_timer0_reload 		CODE           	132A	0000	9
		_timer0_set_prescaller		CODE           	0CB5	0000	128
		_T0_counter_mode_state		CODE           	151F	0000	30
		_timer0_set_mode		CODE           	1559	0000	30

TIMER0.c estimated size: 477

C:\Program Files (x86)\Microchip\xc8\v2.05\pic\sources\c90\common\trunc.c
		_trunc         		CODE           	0904	0000	86

C:\Program Files (x86)\Microchip\xc8\v2.05\pic\sources\c90\common\trunc.c estimated size: 86

C:\Program Files (x86)\Microchip\xc8\v2.05\pic\sources\c90\common\sprcdiv.c
		___fldiv       		CODE           	04C5	0000	420

C:\Program Files (x86)\Microchip\xc8\v2.05\pic\sources\c90\common\sprcdiv.c estimated size: 420

C:\Program Files (x86)\Microchip\xc8\v2.05\pic\sources\c90\common\round.c
		_round         		CODE           	0A13	0000	102

C:\Program Files (x86)\Microchip\xc8\v2.05\pic\sources\c90\common\round.c estimated size: 102

C:\Program Files (x86)\Microchip\xc8\v2.05\pic\sources\c90\common\xxtofl.c
		___xxtofl      		CODE           	0DBC	0000	166

C:\Program Files (x86)\Microchip\xc8\v2.05\pic\sources\c90\common\xxtofl.c estimated size: 166

DISPLAY.c
		_DSP_init      		CODE           	146E	0000	24
		_DSP_update    		CODE           	076A	0000	144

DISPLAY.c estimated size: 168

C:\Program Files (x86)\Microchip\xc8\v2.05\pic\sources\c90\common\fleq.c
		___fleq        		CODE           	0868	0000	75

C:\Program Files (x86)\Microchip\xc8\v2.05\pic\sources\c90\common\fleq.c estimated size: 75

C:\Program Files (x86)\Microchip\xc8\v2.05\pic\sources\c90\common\lwmod.c
		___lwmod       		CODE           	1719	0000	53

C:\Program Files (x86)\Microchip\xc8\v2.05\pic\sources\c90\common\lwmod.c estimated size: 53

